== ch25-split2 assemble u1-b
 "selected": 63,
 "regenerate": 0,
== ch25-split2 build r2
{
  "pdf": "/Users/roshanvenugopal/Documents/github/nagoji/output/comic-v15-full-redo/chapters/ch25-split2/pdf/Horse-of-the-Servant-V15-Chapter-25-r2.pdf",
  "sha256": "9732252acee623243ccee46fade7b679e194cc609f6b5cd19c4bff73c1dbe6b5",
  "minimum_ppi": 305.9832067810341,
  "median_ppi": 433.0388146592544,
  "script_chunks": 123
}
== ch22-split folio build r2 at 292
  "pdf": "/Users/roshanvenugopal/Documents/github/nagoji/output/comic-v15-full-redo/chapters/ch22-split/pdf/Horse-of-the-Servant-V15-Chapter-22-r2.pdf",
  "sha256": "38ee62b009ed4c1a097bb58812a54c85cf7fc20e8cb0bad277fdbb9404e31557",
  "minimum_ppi": 310.1827518061178,
  "median_ppi": 562.1654593976363,
  "script_chunks": 104
}
== ch26-split folio build r2 at 377
  "pdf": "/Users/roshanvenugopal/Documents/github/nagoji/output/comic-v15-full-redo/chapters/ch26-split/pdf/Horse-of-the-Servant-V15-Chapter-26-r2.pdf",
  "sha256": "641081b7a73d66564c7ef5afe13557576315c293ed5c761861de4f0c026e4d0e",
  "minimum_ppi": 302.3622047244094,
  "median_ppi": 474.37604956859116,
  "script_chunks": 102
}
== ch27 folio build r2 at 390
  "pdf": "/Users/roshanvenugopal/Documents/github/nagoji/output/comic-v15-full-redo/chapters/ch27/pdf/Horse-of-the-Servant-V15-Chapter-27-r2.pdf",
  "sha256": "43dfdfdc1a9d53d4d23aebd502efd92f68b43486b54404698160dabc61039ce7",
  "minimum_ppi": 306.2120408736812,
  "median_ppi": 444.9566433566433,
  "script_chunks": 87
}
FINAL-FOLIOS-A-DONE
