== ch05-split2 assemble u1-b
 "selected": 40,
 "regenerate": 0,
== ch05-split2 build r6
{
  "pdf": "/Users/roshanvenugopal/Documents/github/nagoji/output/comic-v15-full-redo/chapters/ch05-split2/pdf/Horse-of-the-Servant-V15-Chapter-05-r6.pdf",
  "sha256": "c4e38c8a1387481f7d65a33b886f41371289bc33bda3636a918dd8677d3130b9",
  "minimum_ppi": 333.25297719492795,
  "median_ppi": 562.8091603053435,
  "script_chunks": 84
}
== ch06-split assemble u1-b
 "selected": 49,
 "regenerate": 0,
== ch06-split build r10
{
  "pdf": "/Users/roshanvenugopal/Documents/github/nagoji/output/comic-v15-full-redo/chapters/ch06-split/pdf/Horse-of-the-Servant-V15-Chapter-06-r10.pdf",
  "sha256": "88b73ca28546e4a45d1f8f026af3ed034bf27e8cd9e56b96fac8ac55b17444dc",
  "minimum_ppi": 307.9245207369172,
  "median_ppi": 487.31705285811637,
  "script_chunks": 95
}
== ch08-split assemble u1-b
 "selected": 57,
 "regenerate": 0,
== ch08-split build r7
{
  "pdf": "/Users/roshanvenugopal/Documents/github/nagoji/output/comic-v15-full-redo/chapters/ch08-split/pdf/Horse-of-the-Servant-V15-Chapter-08-r7.pdf",
  "sha256": "4fe5245976e850644cc0a55de6df0fc6be366e84909eeb0f75074dae00725302",
  "minimum_ppi": 315.7072343518154,
  "median_ppi": 545.3254437869822,
  "script_chunks": 112
}
== ch10-split2 assemble u1-b
 "selected": 45,
 "regenerate": 0,
== ch10-split2 build r4
{
  "pdf": "/Users/roshanvenugopal/Documents/github/nagoji/output/comic-v15-full-redo/chapters/ch10-split2/pdf/Horse-of-the-Servant-V15-Chapter-10-r4.pdf",
  "sha256": "7f8b99b513e2f6aed63604f8252c9b396534bac545e601239309889b2dc8a5f1",
  "minimum_ppi": 306.30075204212966,
  "median_ppi": 585.6076250992851,
  "script_chunks": 94
}
== ch11-split2 assemble u1-b
 "selected": 102,
 "regenerate": 0,
== ch11-split2 build r5
{
  "pdf": "/Users/roshanvenugopal/Documents/github/nagoji/output/comic-v15-full-redo/chapters/ch11-split2/pdf/Horse-of-the-Servant-V15-Chapter-11-r5.pdf",
  "sha256": "7ac726d9045dc1a6365b71b1617423e7e38d90a4fb80ae1f40b9f81df692e5ae",
  "minimum_ppi": 308.6422595587296,
  "median_ppi": 570.7611305533655,
  "script_chunks": 170
}
== ch12-split2 assemble u1-b
 "selected": 40,
 "regenerate": 0,
== ch12-split2 build r8
{
  "pdf": "/Users/roshanvenugopal/Documents/github/nagoji/output/comic-v15-full-redo/chapters/ch12-split2/pdf/Horse-of-the-Servant-V15-Chapter-12-r8.pdf",
  "sha256": "58860c572c4fdab901822336986b5e437217a79364e2aba49c84835cf9192ff1",
  "minimum_ppi": 341.1305501729527,
  "median_ppi": 574.2342542082279,
  "script_chunks": 71
}
== ch13-split assemble u1-b
 "selected": 79,
 "regenerate": 0,
== ch13-split build r2
{
  "pdf": "/Users/roshanvenugopal/Documents/github/nagoji/output/comic-v15-full-redo/chapters/ch13-split/pdf/Horse-of-the-Servant-V15-Chapter-13-r2.pdf",
  "sha256": "b2e019e09c134c0caf052b5409ff899c4ed47fad3a9996ddba788d770b33f71c",
  "minimum_ppi": 308.6144830473001,
  "median_ppi": 587.7082502989239,
  "script_chunks": 146
}
REBUILD-5-13-DONE
