== ch15-split assemble v2-b
 "selected": 69,
 "regenerate": 0,
== ch15-split build r3
{
  "pdf": "/Users/roshanvenugopal/Documents/github/nagoji/output/comic-v15-full-redo/chapters/ch15-split/pdf/Horse-of-the-Servant-V15-Chapter-15-r3.pdf",
  "sha256": "b15cf49be102a6a167bfdd27f9a0ad4ba2d51735116cb8b6609b843efec274ee",
  "minimum_ppi": 303.7762237762238,
  "median_ppi": 550.0037299515105,
  "script_chunks": 129
}
== ch22-split assemble v2-b
 "selected": 67,
 "regenerate": 0,
== ch22-split build r3
{
  "pdf": "/Users/roshanvenugopal/Documents/github/nagoji/output/comic-v15-full-redo/chapters/ch22-split/pdf/Horse-of-the-Servant-V15-Chapter-22-r3.pdf",
  "sha256": "6d899abc6cf2c516a5a2cda66caa56d7453b1ba671e0f3c40d0d41f0651d8ee0",
  "minimum_ppi": 310.1827518061178,
  "median_ppi": 562.1654593976363,
  "script_chunks": 104
}
== ch23-split assemble v2-b
 "selected": 90,
 "regenerate": 0,
== ch23-split build r3
{
  "pdf": "/Users/roshanvenugopal/Documents/github/nagoji/output/comic-v15-full-redo/chapters/ch23-split/pdf/Horse-of-the-Servant-V15-Chapter-23-r3.pdf",
  "sha256": "be504f6210247138189912f27b9e6265997f6d28c75f16e7dd4b7b16c66cbc6d",
  "minimum_ppi": 315.0387773560181,
  "median_ppi": 561.313463979551,
  "script_chunks": 168
}
== ch28-split assemble v2-b
 "selected": 64,
 "regenerate": 0,
== ch28-split build r3
{
  "pdf": "/Users/roshanvenugopal/Documents/github/nagoji/output/comic-v15-full-redo/chapters/ch28-split/pdf/Horse-of-the-Servant-V15-Chapter-28-r3.pdf",
  "sha256": "fc4ca4ab1beafa5e1043f3954868c67401ecd0941d0f741488c002399c9b69b8",
  "minimum_ppi": 309.72060956080907,
  "median_ppi": 456.2785872878035,
  "script_chunks": 132
}
REBUILD-VARMA2-DONE
