== ch23-split first pass s1-a
 "selected": 70,
 "regenerate": 20,
== ch23-split solve 22 pages
layout ok; fills {'1': 0.7, '2': 0.75, '3': 0.95, '4': 0.9, '5': 0.98, '6': 0.98, '7': 0.98, '8': 0.98, '9': 0.98, '10': 0.98, '11': 0.98, '12': 0.98, '13': 0.98, '14': 0.98, '15': 0.7, '16': 0.98, '17': 0.98, '18': 0.65, '19': 0.98, '20': 0.65, '21': 0.98, '22': 0.98}
== ch23-split assemble s1-b
 "selected": 90,
 "regenerate": 0,
== ch23-split build r1
{
  "pdf": "/Users/roshanvenugopal/Documents/github/nagoji/output/comic-v15-full-redo/chapters/ch23-split/pdf/Horse-of-the-Servant-V15-Chapter-23-r1.pdf",
  "sha256": "e52f5825dc4df1b472669f51f75a4a5b4ae94d76078d7525047028f4c0c179c7",
  "minimum_ppi": 315.0387773560181,
  "median_ppi": 561.313463979551,
  "script_chunks": 168
}
8 keep-zone overlaps >= 10%
   ('page-06-panel-03-v01', 0, 2, 0.13)
   ('page-06-panel-03-v01', 1, 2, 0.24)
   ('page-15-panel-05-v01', 1, 1, 0.25)
   ('page-18-panel-02-v01', 1, 1, 0.26)
   ('page-20-panel-02-v01', 1, 1, 0.25)
   ('page-20-panel-04-v01', 1, 3, 0.25)
   ('page-20-panel-04-v01', 2, 3, 0.25)
   ('page-22-panel-02-v01', 0, 1, 0.32)
page 18 page-18-panel-01: art fills 66% of the slot, narrower than its slot
page 18 page-18-panel-02: art fills 66% of the slot, narrower than its slot
page 20 page-20-panel-01: art fills 66% of the slot, narrower than its slot
page 20 page-20-panel-03: art fills 66% of the slot, narrower than its slot
page 1 page-01-panel-01: art fills 70% of the slot, narrower than its slot
page 1 page-01-panel-03: art fills 72% of the slot, narrower than its slot
page 1 page-01-panel-05: art fills 72% of the slot, narrower than its slot
page 15 page-15-panel-02: art fills 73% of the slot, narrower than its slot
page 15 page-15-panel-04: art fills 73% of the slot, narrower than its slot
page 15 page-15-panel-01: art fills 75% of the slot, narrower than its slot
page 15 page-15-panel-05: art fills 77% of the slot, narrower than its slot
page 2 page-02-panel-03: art fills 77% of the slot, narrower than its slot
page 20 page-20-panel-02: art fills 77% of the slot, narrower than its slot
page 18 page-18-panel-04: art fills 82% of the slot, narrower than its slot
page 1 page-01-panel-04: art fills 84% of the slot, narrower than its slot
page 18 page-18-panel-05: art fills 90% of the slot, narrower than its slot
page 4 page-04-panel-04: art fills 90% of the slot, narrower than its slot
page 4 page-04-panel-05: art fills 90% of the slot, narrower than its slot
18 panels with bars
== ch23-split done
