== ch28-split first pass s1-a
 "selected": 59,
 "regenerate": 5,
== ch28-split solve 15 pages
layout ok; fills {'1': 0.9, '2': 0.98, '3': 0.98, '4': 0.98, '5': 0.85, '6': 0.8, '7': 0.65, '8': 0.65, '9': 0.98, '10': 0.98, '11': 0.98, '12': 0.98, '13': 0.98, '14': 0.9, '15': 0.9}
== ch28-split assemble s1-b
 "selected": 64,
 "regenerate": 0,
== ch28-split build r1
{
  "pdf": "/Users/roshanvenugopal/Documents/github/nagoji/output/comic-v15-full-redo/chapters/ch28-split/pdf/Horse-of-the-Servant-V15-Chapter-28-r1.pdf",
  "sha256": "536d040c688e83c3aeaa78629b91896710c5eab90ac1a654606ca35a9fe28e74",
  "minimum_ppi": 309.72060956080907,
  "median_ppi": 456.2785872878035,
  "script_chunks": 132
}
6 keep-zone overlaps >= 10%
   ('page-01-panel-05-v01', 0, 1, 0.33)
   ('page-02-panel-01-v01', 0, 0, 0.14)
   ('page-06-panel-05-v01', 0, 0, 0.25)
   ('page-07-panel-01-v01', 1, 1, 0.18)
   ('page-13-panel-04-v01', 0, 0, 0.27)
   ('page-14-panel-03-v01', 0, 0, 0.24)
page 7 page-07-panel-02: art fills 66% of the slot, narrower than its slot
page 8 page-08-panel-02: art fills 67% of the slot, narrower than its slot
page 8 page-08-panel-04: art fills 68% of the slot, narrower than its slot
page 8 page-08-panel-01: art fills 74% of the slot, narrower than its slot
page 7 page-07-panel-03: art fills 76% of the slot, narrower than its slot
page 6 page-06-panel-01: art fills 80% of the slot, narrower than its slot
page 6 page-06-panel-04: art fills 80% of the slot, narrower than its slot
page 7 page-07-panel-05: art fills 81% of the slot, narrower than its slot
page 6 page-06-panel-05: art fills 82% of the slot, narrower than its slot
page 6 page-06-panel-03: art fills 83% of the slot, narrower than its slot
page 7 page-07-panel-01: art fills 85% of the slot, narrower than its slot
page 5 page-05-panel-02: art fills 86% of the slot, narrower than its slot
page 7 page-07-panel-04: art fills 89% of the slot, narrower than its slot
page 1 page-01-panel-02: art fills 90% of the slot, narrower than its slot
page 1 page-01-panel-03: art fills 90% of the slot, narrower than its slot
15 panels with bars
== ch28-split done
