== ch27 first pass s2-a
 "selected": 38,
 "regenerate": 6,
== ch27 solve 9 pages
layout ok; fills {'1': 0.98, '2': 0.98, '3': 0.98, '4': 0.98, '5': 0.75, '6': 0.98, '7': 0.9, '8': 0.98, '9': 0.85}
== ch27 assemble s2-b
 "selected": 44,
 "regenerate": 0,
== ch27 build r1
{
  "pdf": "/Users/roshanvenugopal/Documents/github/nagoji/output/comic-v15-full-redo/chapters/ch27/pdf/Horse-of-the-Servant-V15-Chapter-27-r1.pdf",
  "sha256": "85d291d70562520a4616696e2a195886af49a07a783e76f403a5e8c53f6c21ea",
  "minimum_ppi": 306.2120408736812,
  "median_ppi": 444.9566433566433,
  "script_chunks": 87
}
7 keep-zone overlaps >= 10%
   ('page-05-panel-02-v01', 0, 1, 0.24)
   ('page-05-panel-02-v01', 1, 1, 0.26)
   ('page-05-panel-05-v01', 0, 0, 0.24)
   ('page-06-panel-03-v01', 0, 1, 0.19)
   ('page-07-panel-01-v02', 1, 1, 0.23)
   ('page-07-panel-03-v03', 0, 1, 0.17)
   ('page-09-panel-05-v01', 0, 2, 0.28)
page 5 page-05-panel-02: art fills 76% of the slot, narrower than its slot
page 5 page-05-panel-04: art fills 76% of the slot, narrower than its slot
page 9 page-09-panel-05: art fills 87% of the slot, narrower than its slot
page 5 page-05-panel-01: art fills 88% of the slot, narrower than its slot
page 9 page-09-panel-04: art fills 89% of the slot, narrower than its slot
5 panels with bars
== ch27 done
