== ch21-split first pass s2-a
 "selected": 30,
 "regenerate": 8,
== ch21-split solve 11 pages
layout ok; fills {'1': 0.75, '2': 0.98, '3': 0.8, '4': 0.98, '5': 0.98, '6': 0.9, '7': 0.98, '8': 0.8, '9': 0.75, '10': 0.98, '11': 0.98}
== ch21-split assemble s2-b
 "selected": 38,
 "regenerate": 0,
== ch21-split build r2
{
  "pdf": "/Users/roshanvenugopal/Documents/github/nagoji/output/comic-v15-full-redo/chapters/ch21-split/pdf/Horse-of-the-Servant-V15-Chapter-21-r2.pdf",
  "sha256": "2f3b7dd0549488299b1d1bdebc393ceedb19e4a8573434c018af1732c784e35f",
  "minimum_ppi": 306.76524547710443,
  "median_ppi": 551.6517618711182,
  "script_chunks": 93
}
7 keep-zone overlaps >= 10%
   ('page-02-panel-04-v01', 1, 1, 0.26)
   ('page-03-panel-01-v01', 2, 2, 0.23)
   ('page-03-panel-04-v01', 1, 1, 0.28)
   ('page-03-panel-04-v01', 2, 1, 0.19)
   ('page-09-panel-04-v01', 0, 2, 0.21)
   ('page-09-panel-05-v01', 0, 1, 0.32)
   ('page-09-panel-05-v01', 1, 0, 0.14)
page 1 page-01-panel-04: art fills 75% of the slot, shorter than its slot
page 9 page-09-panel-01: art fills 76% of the slot, narrower than its slot
page 9 page-09-panel-05: art fills 78% of the slot, narrower than its slot
page 3 page-03-panel-01: art fills 80% of the slot, narrower than its slot
page 3 page-03-panel-03: art fills 80% of the slot, shorter than its slot
page 8 page-08-panel-05: art fills 82% of the slot, narrower than its slot
page 8 page-08-panel-01: art fills 85% of the slot, narrower than its slot
page 3 page-03-panel-05: art fills 86% of the slot, narrower than its slot
8 panels with bars
== ch21-split done
