== ch15-split first pass s1-a
 "selected": 63,
 "regenerate": 6,
== ch15-split solve 18 pages
layout ok; fills {'1': 0.98, '2': 0.98, '3': 0.98, '4': 0.98, '5': 0.98, '6': 0.98, '7': 0.98, '8': 0.9, '9': 0.98, '10': 0.98, '11': 0.98, '12': 0.98, '13': 0.98, '14': 0.98, '15': 0.98, '16': 0.8, '17': 0.75, '18': 0.98}
== ch15-split assemble s1-b
 "selected": 69,
 "regenerate": 0,
== ch15-split build r1
{
  "pdf": "/Users/roshanvenugopal/Documents/github/nagoji/output/comic-v15-full-redo/chapters/ch15-split/pdf/Horse-of-the-Servant-V15-Chapter-15-r1.pdf",
  "sha256": "565da7511acd10739a35c9e3c481c4774190cdbb288b7a3596161ddf638fe0c0",
  "minimum_ppi": 303.7762237762238,
  "median_ppi": 550.0037299515105,
  "script_chunks": 129
}
5 keep-zone overlaps >= 10%
   ('page-06-panel-03-v01', 2, 2, 0.24)
   ('page-10-panel-03-v01', 0, 1, 0.19)
   ('page-11-panel-01-v01', 2, 1, 0.26)
   ('page-14-panel-03-v01', 0, 1, 0.34)
   ('page-18-panel-01-v01', 0, 1, 0.11)
page 17 page-17-panel-03: art fills 75% of the slot, narrower than its slot
page 17 page-17-panel-04: art fills 75% of the slot, narrower than its slot
page 17 page-17-panel-05: art fills 75% of the slot, narrower than its slot
page 16 page-16-panel-02: art fills 82% of the slot, narrower than its slot
4 panels with bars
== ch15-split done
