== ch21-split2 first pass s1-a
 "selected": 29,
 "regenerate": 9,
== ch21-split2 solve 13 pages
layout ok; fills {'1': 0.75, '2': 0.98, '3': 0.98, '4': 0.98, '5': 0.98, '6': 0.98, '7': 0.98, '8': 0.9, '9': 0.98, '10': 0.8, '11': 0.75, '12': 0.98, '13': 0.98}
== ch21-split2 assemble s1-b
 "selected": 38,
 "regenerate": 0,
== ch21-split2 build r1
{
  "pdf": "/Users/roshanvenugopal/Documents/github/nagoji/output/comic-v15-full-redo/chapters/ch21-split2/pdf/Horse-of-the-Servant-V15-Chapter-21-r1.pdf",
  "sha256": "46389265e1eb2ecc0dff4521aa8f13d53310b70c932e03e1c63766b1f9774640",
  "minimum_ppi": 306.76524547710443,
  "median_ppi": 559.8180904105418,
  "script_chunks": 93
}
21 keep-zone overlaps >= 10%
   ('page-02-panel-03-v01', 0, 1, 0.16)
   ('page-02-panel-03-v01', 0, 2, 0.24)
   ('page-02-panel-03-v01', 0, 3, 0.19)
   ('page-03-panel-01-v01', 1, 0, 0.19)
   ('page-03-panel-01-v01', 1, 1, 0.27)
   ('page-04-panel-01-v01', 2, 0, 0.17)
   ('page-04-panel-02-v01', 1, 0, 0.21)
   ('page-04-panel-02-v01', 1, 1, 0.21)
   ('page-05-panel-01-v01', 1, 0, 0.19)
   ('page-05-panel-01-v01', 1, 1, 0.19)
   ('page-05-panel-01-v01', 1, 2, 0.24)
   ('page-05-panel-02-v01', 2, 0, 0.24)
   ('page-05-panel-02-v01', 2, 1, 0.17)
   ('page-06-panel-01-v01', 1, 0, 0.58)
   ('page-07-panel-02-v01', 1, 2, 0.4)
   ('page-07-panel-02-v01', 1, 3, 0.29)
   ('page-11-panel-04-v01', 0, 2, 0.21)
   ('page-11-panel-05-v01', 0, 1, 0.32)
   ('page-11-panel-05-v01', 1, 0, 0.14)
   ('page-13-panel-02-v01', 2, 0, 0.16)
   ('page-13-panel-02-v01', 2, 1, 0.13)
page 2 page-02-panel-03: art fills 69% of the slot, shorter than its slot
page 1 page-01-panel-04: art fills 75% of the slot, shorter than its slot
page 11 page-11-panel-01: art fills 76% of the slot, narrower than its slot
page 11 page-11-panel-05: art fills 78% of the slot, narrower than its slot
page 10 page-10-panel-05: art fills 82% of the slot, narrower than its slot
page 10 page-10-panel-01: art fills 85% of the slot, narrower than its slot
6 panels with bars
== ch21-split2 done
