== ch19 first pass s3-a
 "selected": 47,
 "regenerate": 10,
== ch19 solve 12 pages
layout ok; fills {'1': 0.98, '2': 0.98, '3': 0.98, '4': 0.98, '5': 0.95, '6': 0.98, '7': 0.6, '8': 0.98, '9': 0.98, '10': 0.98, '11': 0.95, '12': 0.55}
== ch19 assemble s3-b
 "selected": 57,
 "regenerate": 0,
== ch19 build r1
{
  "pdf": "/Users/roshanvenugopal/Documents/github/nagoji/output/comic-v15-full-redo/chapters/ch19/pdf/Horse-of-the-Servant-V15-Chapter-19-r1.pdf",
  "sha256": "e296545c48ba4bbcf6fd0f5094d62823a4caa3f253ce2f6387cb45b9df6a4807",
  "minimum_ppi": 306.3010065457881,
  "median_ppi": 482.8290766208251,
  "script_chunks": 113
}
7 keep-zone overlaps >= 10%
   ('page-01-panel-05-v01', 0, 1, 0.22)
   ('page-05-panel-01-v02', 0, 0, 0.33)
   ('page-07-panel-02-v02', 1, 2, 0.15)
   ('page-07-panel-02-v02', 3, 2, 0.31)
   ('page-07-panel-04-v01', 0, 0, 0.24)
   ('page-10-panel-03-v02', 1, 2, 0.24)
   ('page-10-panel-03-v02', 2, 2, 0.33)
page 12 page-12-panel-01: art fills 55% of the slot, narrower than its slot
page 7 page-07-panel-01: art fills 61% of the slot, narrower than its slot
page 7 page-07-panel-04: art fills 67% of the slot, narrower than its slot
page 12 page-12-panel-03: art fills 72% of the slot, narrower than its slot
page 12 page-12-panel-06: art fills 74% of the slot, narrower than its slot
page 12 page-12-panel-02: art fills 78% of the slot, narrower than its slot
page 7 page-07-panel-03: art fills 78% of the slot, narrower than its slot
page 7 page-07-panel-02: art fills 79% of the slot, narrower than its slot
8 panels with bars
== ch19 done
